{
  "compress": false,
  "root": {
    "attributes": [],
    "backendNodeId": 11,
    "childNodeCount": 1,
    "children": [
      {
        "attributes": [],
        "backendNodeId": 10,
        "childNodeCount": 1,
        "children": [
          {
            "attributes": [
              "style",
              "width:100%;height:500px;",
            ],
            "backendNodeId": 13,
            "childNodeCount": 1,
            "children": [
              {
                "attributes": [
                  "idSelector",
                  "scrollview",
                  "scroll-x",
                  "true",
                  "scroll-y",
                  "false",
                  "enable-scroll-monitor",
                  "false",
                  "force-can-scroll",
                  "false",
                  "ios-block-gesture-class",
                  "",
                  "ios-recognized-view-tag",
                  "0",
                  "enable-nested-scroll",
                  "true",
                  "enable-new-nested",
                  "true",
                  "bounces",
                  "true",
                  "name",
                  "background",
                  "flatten",
                  "false",
                  "scroll-monitor-tag",
                  "",
                  "style",
                  "height:500px;width:100%;",
                ],
                "backendNodeId": 14,
                "childNodeCount": 1,
                "children": [
                  {
                    "attributes": [
                      "class",
                      "container",
                    ],
                    "backendNodeId": 15,
                    "childNodeCount": 5,
                    "children": [
                      {
                        "attributes": [
                          "style",
                          "flex-grow:1;background-color:#ff00c833;flex-basis:auto;",
                        ],
                        "backendNodeId": 16,
                        "childNodeCount": 1,
                        "children": [
                          {
                            "attributes": [],
                            "backendNodeId": 17,
                            "childNodeCount": 1,
                            "children": [
                              {
                                "attributes": [
                                  "text",
                                  "flex-basis:auto",
                                ],
                                "backendNodeId": 18,
                                "childNodeCount": 0,
                                "children": [],
                                "localName": "raw-text",
                                "nodeId": 18,
                                "nodeName": "RAW-TEXT",
                                "nodeType": 1,
                                "nodeValue": "",
                                "parentId": 17,
                              },
                            ],
                            "localName": "text",
                            "nodeId": 17,
                            "nodeName": "TEXT",
                            "nodeType": 1,
                            "nodeValue": "",
                            "parentId": 16,
                          },
                        ],
                        "localName": "view",
                        "nodeId": 16,
                        "nodeName": "VIEW",
                        "nodeType": 1,
                        "nodeValue": "",
                        "parentId": 15,
                      },
                      {
                        "attributes": [
                          "style",
                          "flex-grow:1;background-color:#0000ff33;margin-left:5px;",
                        ],
                        "backendNodeId": 19,
                        "childNodeCount": 1,
                        "children": [
                          {
                            "attributes": [],
                            "backendNodeId": 20,
                            "childNodeCount": 1,
                            "children": [
                              {
                                "attributes": [
                                  "text",
                                  "Item Two",
                                ],
                                "backendNodeId": 21,
                                "childNodeCount": 0,
                                "children": [],
                                "localName": "raw-text",
                                "nodeId": 21,
                                "nodeName": "RAW-TEXT",
                                "nodeType": 1,
                                "nodeValue": "",
                                "parentId": 20,
                              },
                            ],
                            "localName": "text",
                            "nodeId": 20,
                            "nodeName": "TEXT",
                            "nodeType": 1,
                            "nodeValue": "",
                            "parentId": 19,
                          },
                        ],
                        "localName": "view",
                        "nodeId": 19,
                        "nodeName": "VIEW",
                        "nodeType": 1,
                        "nodeValue": "",
                        "parentId": 15,
                      },
                      {
                        "attributes": [
                          "style",
                          "flex-grow:1;background-color:#0000ff33;margin-left:5px;",
                        ],
                        "backendNodeId": 22,
                        "childNodeCount": 1,
                        "children": [
                          {
                            "attributes": [],
                            "backendNodeId": 23,
                            "childNodeCount": 1,
                            "children": [
                              {
                                "attributes": [
                                  "text",
                                  "Item Three",
                                ],
                                "backendNodeId": 24,
                                "childNodeCount": 0,
                                "children": [],
                                "localName": "raw-text",
                                "nodeId": 24,
                                "nodeName": "RAW-TEXT",
                                "nodeType": 1,
                                "nodeValue": "",
                                "parentId": 23,
                              },
                            ],
                            "localName": "text",
                            "nodeId": 23,
                            "nodeName": "TEXT",
                            "nodeType": 1,
                            "nodeValue": "",
                            "parentId": 22,
                          },
                        ],
                        "localName": "view",
                        "nodeId": 22,
                        "nodeName": "VIEW",
                        "nodeType": 1,
                        "nodeValue": "",
                        "parentId": 15,
                      },
                      {
                        "attributes": [
                          "style",
                          "flex-grow:1;background-color:#0000ff33;margin-left:5px;",
                        ],
                        "backendNodeId": 25,
                        "childNodeCount": 1,
                        "children": [
                          {
                            "attributes": [],
                            "backendNodeId": 26,
                            "childNodeCount": 1,
                            "children": [
                              {
                                "attributes": [
                                  "text",
                                  "Item Four",
                                ],
                                "backendNodeId": 27,
                                "childNodeCount": 0,
                                "children": [],
                                "localName": "raw-text",
                                "nodeId": 27,
                                "nodeName": "RAW-TEXT",
                                "nodeType": 1,
                                "nodeValue": "",
                                "parentId": 26,
                              },
                            ],
                            "localName": "text",
                            "nodeId": 26,
                            "nodeName": "TEXT",
                            "nodeType": 1,
                            "nodeValue": "",
                            "parentId": 25,
                          },
                        ],
                        "localName": "view",
                        "nodeId": 25,
                        "nodeName": "VIEW",
                        "nodeType": 1,
                        "nodeValue": "",
                        "parentId": 15,
                      },
                      {
                        "attributes": [
                          "style",
                          "flex-grow:1;background-color:#0000ff33;margin-left:5px;",
                        ],
                        "backendNodeId": 28,
                        "childNodeCount": 1,
                        "children": [
                          {
                            "attributes": [],
                            "backendNodeId": 29,
                            "childNodeCount": 1,
                            "children": [
                              {
                                "attributes": [
                                  "text",
                                  "Item Five",
                                ],
                                "backendNodeId": 30,
                                "childNodeCount": 0,
                                "children": [],
                                "localName": "raw-text",
                                "nodeId": 30,
                                "nodeName": "RAW-TEXT",
                                "nodeType": 1,
                                "nodeValue": "",
                                "parentId": 29,
                              },
                            ],
                            "localName": "text",
                            "nodeId": 29,
                            "nodeName": "TEXT",
                            "nodeType": 1,
                            "nodeValue": "",
                            "parentId": 28,
                          },
                        ],
                        "localName": "view",
                        "nodeId": 28,
                        "nodeName": "VIEW",
                        "nodeType": 1,
                        "nodeValue": "",
                        "parentId": 15,
                      },
                    ],
                    "localName": "view",
                    "nodeId": 15,
                    "nodeName": "VIEW",
                    "nodeType": 1,
                    "nodeValue": "",
                    "parentId": 14,
                  },
                ],
                "localName": "scroll-view",
                "nodeId": 14,
                "nodeName": "SCROLL-VIEW",
                "nodeType": 1,
                "nodeValue": "",
                "parentId": 13,
              },
            ],
            "localName": "view",
            "nodeId": 13,
            "nodeName": "VIEW",
            "nodeType": 1,
            "nodeValue": "",
            "parentId": 10,
          },
        ],
        "localName": "page",
        "nodeId": 10,
        "nodeName": "PAGE",
        "nodeType": 1,
        "nodeValue": "",
      },
    ],
    "localName": "",
    "nodeId": 11,
    "nodeName": "#document",
    "nodeType": 9,
    "nodeValue": "",
  },
}